// Jest Snapshot v1, https://goo.gl/fbAQLP

exports[`<TimezoneSelector /> is correctly rendered 1`] = `
<select
  className="timezone-selector"
  defaultValue="12:00"
  onChange={[MockFunction]}
>
  <option
    value={1}
  >
    1
  </option>
  <option
    value={2}
  >
    2
  </option>
  <option
    value={3}
  >
    3
  </option>
  <option
    value={4}
  >
    4
  </option>
  <option
    value={5}
  >
    5
  </option>
</select>
`;
